Symbol Table:
Name                 | Type     | Mut   | Init  | Scope
-------------------------------------------------------
main                 | fn() -> unit | false | true  | global
x                    | unknown  | true  | true  | main
emoji                | string   | false | true  | main
y                    | i32      | false | true  | main
sum                  | unknown  | false | true  | main
difference           | unknown  | false | true  | main
product              | unknown  | false | true  | main
division             | unknown  | false | true  | main
is_greater           | bool     | false | true  | main
i                    | i32      | false | true  | for
counter              | i32      | true  | true  | main
factorial_result     | unknown  | false | true  | main
even_check           | unknown  | false | true  | main
Semantic Analysis:
  undeclared: identifier 'call' is not declared
  undeclared: identifier 'factorial' is not declared
  undeclared: identifier 'is_even' is not declared
  type_mismatch: cannot assign i32 value to variable 'x' of type unknown
Intermediate Representation (Triads):
 1) (call, call, 0)
 2) (:=, x, ^1)
 3) (:=, emoji, "emoji")
 4) (:=, y, 5)
 5) (+, x, y)
 6) (:=, sum, ^5)
 7) (-, x, y)
 8) (:=, difference, ^7)
 9) (*, x, y)
10) (:=, product, ^9)
11) (/, x, y)
12) (:=, division, ^11)
13) (param, "sum = {}, difference = {}, product = {}, division = {}", -)
14) (param, sum, -)
15) (param, difference, -)
16) (param, product, -)
17) (param, division, -)
18) (call, println!, 5)
19) (>, x, y)
20) (>, y, 0)
21) (&&, ^19, ^20)
22) (:=, is_greater, ^21)
23) (param, "Is x greater than y and y > 0? {}", -)
24) (param, is_greater, -)
25) (call, println!, 2)
26) (if_false, is_greater, ^30)
27) (param, "x is greater than y", -)
28) (call, println!, 1)
29) (goto, -, ^32)
30) (param, "x is NOT greater than y", -)
31) (call, println!, 1)
32) (param, "For loop:", -)
33) (call, println!, 1)
34) (:=, i, 0)
35) (<, i, 5)
36) (if_false, ^35, ^43)
37) (param, "i = {}", -)
38) (param, i, -)
39) (call, println!, 2)
40) (+, i, 1)
41) (:=, i, ^40)
42) (goto, -, ^35)
43) (param, "While loop:", -)
44) (call, println!, 1)
45) (:=, counter, 0)
46) (<, counter, 3)
47) (if_false, ^46, ^54)
48) (param, "counter = {}", -)
49) (param, counter, -)
50) (call, println!, 2)
51) (+, counter, 1)
52) (:=, counter, ^51)
53) (goto, -, ^46)
54) (param, 5, -)
55) (call, factorial, 1)
56) (:=, factorial_result, ^55)
57) (param, "Factorial of 5 = {}", -)
58) (param, factorial_result, -)
59) (call, println!, 2)
60) (param, x, -)
61) (call, is_even, 1)
62) (:=, even_check, ^61)
63) (param, "Is x even? {}", -)
64) (param, even_check, -)
65) (call, println!, 2)
66) (param, ""x" = {}, "emoji" = {}", -)
67) (param, x, -)
68) (param, emoji, -)
69) (call, println!, 3)
70) (:=, x, 20)
71) (param, "New value of x = {}", -)
72) (param, x, -)
73) (call, println!, 2)
